#-----------------------------------------------------------
# Vivado v2024.2 (64-bit)
# SW Build 5239630 on Fri Nov 08 22:35:27 MST 2024
# IP Build 5239520 on Sun Nov 10 16:12:51 MST 2024
# SharedData Build 5239561 on Fri Nov 08 14:39:27 MST 2024
# Start of session at: Wed Jan 21 13:58:11 2026
# Process ID         : 28716
# Current directory  : C:/Users/SIVA DHANUSH REDDY/Downloads/UART_SPI/SPI_Bootloader/Spi_Flashcontroller.runs/impl_1
# Command line       : vivado.exe -log top_flash.vdi -applog -product Vivado -messageDb vivado.pb -mode batch -source top_flash.tcl -notrace
# Log file           : C:/Users/SIVA DHANUSH REDDY/Downloads/UART_SPI/SPI_Bootloader/Spi_Flashcontroller.runs/impl_1/top_flash.vdi
# Journal file       : C:/Users/SIVA DHANUSH REDDY/Downloads/UART_SPI/SPI_Bootloader/Spi_Flashcontroller.runs/impl_1\vivado.jou
# Running On         : Dhanush
# Platform           : Windows Server 2016 or Windows 10
# Operating System   : 26200
# Processor Detail   : 12th Gen Intel(R) Core(TM) i7-12650H
# CPU Frequency      : 2688 MHz
# CPU Physical cores : 10
# CPU Logical cores  : 16
# Host memory        : 16831 MB
# Swap memory        : 27283 MB
# Total Virtual      : 44115 MB
# Available Virtual  : 16602 MB
#-----------------------------------------------------------
source top_flash.tcl -notrace
