#-----------------------------------------------------------
# Vivado v2024.2 (64-bit)
# SW Build 5239630 on Fri Nov 08 22:35:27 MST 2024
# IP Build 5239520 on Sun Nov 10 16:12:51 MST 2024
# SharedData Build 5239561 on Fri Nov 08 14:39:27 MST 2024
# Start of session at: Tue Jan 13 11:45:44 2026
# Process ID         : 20256
# Current directory  : C:/Users/SIVA DHANUSH REDDY/Downloads/SPI_Bootloader
# Command line       : vivado.exe -gui_launcher_event rodinguilauncherevent9792 C:\Users\SIVA DHANUSH REDDY\Downloads\SPI_Bootloader\Spi_Flashcontroller.xpr
# Log file           : C:/Users/SIVA DHANUSH REDDY/Downloads/SPI_Bootloader/vivado.log
# Journal file       : C:/Users/SIVA DHANUSH REDDY/Downloads/SPI_Bootloader\vivado.jou
# Running On         : Dhanush
# Platform           : Windows Server 2016 or Windows 10
# Operating System   : 26200
# Processor Detail   : 12th Gen Intel(R) Core(TM) i7-12650H
# CPU Frequency      : 2688 MHz
# CPU Physical cores : 10
# CPU Logical cores  : 16
# Host memory        : 16831 MB
# Swap memory        : 27419 MB
# Total Virtual      : 44251 MB
# Available Virtual  : 30727 MB
#-----------------------------------------------------------
start_gui
open_project {C:/Users/SIVA DHANUSH REDDY/Downloads/SPI_Bootloader/Spi_Flashcontroller.xpr}
WARNING: [Board 49-26] cannot add Board Part xilinx.com:zcu208ld:part0:2.0 available at C:/Xilinx/Vivado/2024.2/data/xhub/boards/XilinxBoardStore/boards/Xilinx/zcu208ld/production/2.0/board.xml as part xczu58dr-fsvg1517-2-i specified in board_part file is either invalid or not available
WARNING: [Board 49-26] cannot add Board Part xilinx.com:zcu216ld:part0:2.0 available at C:/Xilinx/Vivado/2024.2/data/xhub/boards/XilinxBoardStore/boards/Xilinx/zcu216ld/production/2.0/board.xml as part xczu59dr-ffvf1760-2-i specified in board_part file is either invalid or not available
WARNING: [Board 49-26] cannot add Board Part xilinx.com:zcu670ld:part0:1.0 available at C:/Xilinx/Vivado/2024.2/data/xhub/boards/XilinxBoardStore/boards/Xilinx/zcu670ld/1.0/board.xml as part xczu57dr-fsve1156-2-i specified in board_part file is either invalid or not available
INFO: [Project 1-313] Project file moved from 'C:/Users/SIVA DHANUSH REDDY/Downloads/Spi_Flashcontroller' since last save.
INFO: [filemgmt 56-3] Default IP Output Path : Could not find the directory 'C:/Users/SIVA DHANUSH REDDY/Downloads/SPI_Bootloader/Spi_Flashcontroller.gen/sources_1'.
WARNING: [Project 1-312] File not found as 'C:/Users/SIVA DHANUSH REDDY/Downloads/SPI_Bootloader/Spi_Flashcontroller.srcs/sim_1/new/Tb_pi.v'; using path 'C:/Users/SIVA DHANUSH REDDY/Downloads/Spi_Flashcontroller/Spi_Flashcontroller.srcs/sim_1/new/Tb_pi.v' instead.
Scanning sources...
Finished scanning sources
INFO: [IP_Flow 19-234] Refreshing IP repositories
INFO: [IP_Flow 19-1704] No user IP repositories specified
INFO: [IP_Flow 19-2313] Loaded Vivado IP repository 'C:/Xilinx/Vivado/2024.2/data/ip'.
open_project: Time (s): cpu = 00:01:02 ; elapsed = 00:00:34 . Memory (MB): peak = 1340.336 ; gain = 240.434
set_property SOURCE_SET sources_1 [get_filesets sim_1]
close [ open {C:/Users/SIVA DHANUSH REDDY/Downloads/SPI_Bootloader/Spi_Flashcontroller.srcs/sim_1/new/tb_practice.v} w ]
add_files -fileset sim_1 {{C:/Users/SIVA DHANUSH REDDY/Downloads/SPI_Bootloader/Spi_Flashcontroller.srcs/sim_1/new/tb_practice.v}}
WARNING: [filemgmt 56-199] Attempt to get parsing info during refresh. "On-the-fly" syntax checking information may be incorrect. [C:\Users\SIVA DHANUSH REDDY\Downloads\SPI_Bootloader\Spi_Flashcontroller.srcs\sim_1\new\flash_tb.v:]
WARNING: [filemgmt 56-199] Attempt to get parsing info during refresh. "On-the-fly" syntax checking information may be incorrect. [C:\Users\SIVA DHANUSH REDDY\Downloads\SPI_Bootloader\Spi_Flashcontroller.srcs\sources_1\new\Spi_flashcontroller.v:]
WARNING: [filemgmt 56-199] Attempt to get parsing info during refresh. "On-the-fly" syntax checking information may be incorrect. [C:\Users\SIVA DHANUSH REDDY\Downloads\SPI_Bootloader\Spi_Flashcontroller.srcs\sources_1\new\Spi_flashcontroller.v:]
WARNING: [filemgmt 56-199] Attempt to get parsing info during refresh. "On-the-fly" syntax checking information may be incorrect. [C:\Users\SIVA DHANUSH REDDY\Downloads\SPI_Bootloader\Spi_Flashcontroller.srcs\sources_1\new\Spi_flashcontroller.v:]
ERROR: [Common 17-180] Spawn failed: No error
WARNING: [filemgmt 56-199] Attempt to get parsing info during refresh. "On-the-fly" syntax checking information may be incorrect. [C:\Users\SIVA DHANUSH REDDY\Downloads\SPI_Bootloader\Spi_Flashcontroller.srcs\sim_1\new\flash_tb.v:]
WARNING: [filemgmt 56-199] Attempt to get parsing info during refresh. "On-the-fly" syntax checking information may be incorrect. [C:\Users\SIVA DHANUSH REDDY\Downloads\SPI_Bootloader\Spi_Flashcontroller.srcs\sources_1\new\Spi_flashcontroller.v:]
WARNING: [filemgmt 56-199] Attempt to get parsing info during refresh. "On-the-fly" syntax checking information may be incorrect. [C:\Users\SIVA DHANUSH REDDY\Downloads\SPI_Bootloader\Spi_Flashcontroller.srcs\sources_1\new\Spi_flashcontroller.v:]
WARNING: [filemgmt 56-199] Attempt to get parsing info during refresh. "On-the-fly" syntax checking information may be incorrect. [C:\Users\SIVA DHANUSH REDDY\Downloads\SPI_Bootloader\Spi_Flashcontroller.srcs\sources_1\new\Spi_flashcontroller.v:]
ERROR: [Common 17-180] Spawn failed: No error
WARNING: [filemgmt 56-199] Attempt to get parsing info during refresh. "On-the-fly" syntax checking information may be incorrect. [C:\Users\SIVA DHANUSH REDDY\Downloads\SPI_Bootloader\Spi_Flashcontroller.srcs\sim_1\new\flash_tb.v:]
WARNING: [filemgmt 56-199] Attempt to get parsing info during refresh. "On-the-fly" syntax checking information may be incorrect. [C:\Users\SIVA DHANUSH REDDY\Downloads\SPI_Bootloader\Spi_Flashcontroller.srcs\sim_1\new\tb_practice.v:]
WARNING: [filemgmt 56-199] Attempt to get parsing info during refresh. "On-the-fly" syntax checking information may be incorrect. [C:\Users\SIVA DHANUSH REDDY\Downloads\SPI_Bootloader\Spi_Flashcontroller.srcs\sources_1\new\Spi_flashcontroller.v:]
WARNING: [filemgmt 56-199] Attempt to get parsing info during refresh. "On-the-fly" syntax checking information may be incorrect. [C:\Users\SIVA DHANUSH REDDY\Downloads\SPI_Bootloader\Spi_Flashcontroller.srcs\sim_1\new\tb_practice.v:]
WARNING: [filemgmt 56-199] Attempt to get parsing info during refresh. "On-the-fly" syntax checking information may be incorrect. [C:\Users\SIVA DHANUSH REDDY\Downloads\SPI_Bootloader\Spi_Flashcontroller.srcs\sim_1\new\tb_practice.v:]
set_property SOURCE_SET sources_1 [get_filesets sim_1]
close [ open {C:/Users/SIVA DHANUSH REDDY/Downloads/SPI_Bootloader/Spi_Flashcontroller.srcs/sim_1/new/tb_pct.sv} w ]
add_files -fileset sim_1 {{C:/Users/SIVA DHANUSH REDDY/Downloads/SPI_Bootloader/Spi_Flashcontroller.srcs/sim_1/new/tb_pct.sv}}
WARNING: [filemgmt 56-199] Attempt to get parsing info during refresh. "On-the-fly" syntax checking information may be incorrect. [C:\Users\SIVA DHANUSH REDDY\Downloads\SPI_Bootloader\Spi_Flashcontroller.srcs\sim_1\new\flash_tb.v:]
WARNING: [filemgmt 56-199] Attempt to get parsing info during refresh. "On-the-fly" syntax checking information may be incorrect. [C:\Users\SIVA DHANUSH REDDY\Downloads\SPI_Bootloader\Spi_Flashcontroller.srcs\sim_1\new\tb_practice.v:]
WARNING: [filemgmt 56-199] Attempt to get parsing info during refresh. "On-the-fly" syntax checking information may be incorrect. [C:\Users\SIVA DHANUSH REDDY\Downloads\SPI_Bootloader\Spi_Flashcontroller.srcs\sources_1\new\Spi_flashcontroller.v:]
WARNING: [filemgmt 56-199] Attempt to get parsing info during refresh. "On-the-fly" syntax checking information may be incorrect. [C:\Users\SIVA DHANUSH REDDY\Downloads\SPI_Bootloader\Spi_Flashcontroller.srcs\sources_1\new\Spi_flashcontroller.v:]
WARNING: [filemgmt 56-199] Attempt to get parsing info during refresh. "On-the-fly" syntax checking information may be incorrect. [C:\Users\SIVA DHANUSH REDDY\Downloads\SPI_Bootloader\Spi_Flashcontroller.srcs\sources_1\new\Spi_flashcontroller.v:]
WARNING: [filemgmt 56-199] Attempt to get parsing info during refresh. "On-the-fly" syntax checking information may be incorrect. [C:\Users\SIVA DHANUSH REDDY\Downloads\SPI_Bootloader\Spi_Flashcontroller.srcs\sim_1\new\flash_tb.v:]
WARNING: [filemgmt 56-199] Attempt to get parsing info during refresh. "On-the-fly" syntax checking information may be incorrect. [C:\Users\SIVA DHANUSH REDDY\Downloads\SPI_Bootloader\Spi_Flashcontroller.srcs\sim_1\new\tb_practice.v:]
WARNING: [filemgmt 56-199] Attempt to get parsing info during refresh. "On-the-fly" syntax checking information may be incorrect. [C:\Users\SIVA DHANUSH REDDY\Downloads\SPI_Bootloader\Spi_Flashcontroller.srcs\sources_1\new\Spi_flashcontroller.v:]
WARNING: [filemgmt 56-199] Attempt to get parsing info during refresh. "On-the-fly" syntax checking information may be incorrect. [C:\Users\SIVA DHANUSH REDDY\Downloads\SPI_Bootloader\Spi_Flashcontroller.srcs\sim_1\new\flash_tb.v:]
WARNING: [filemgmt 56-199] Attempt to get parsing info during refresh. "On-the-fly" syntax checking information may be incorrect. [C:\Users\SIVA DHANUSH REDDY\Downloads\SPI_Bootloader\Spi_Flashcontroller.srcs\sim_1\new\flash_tb.v:]
WARNING: [filemgmt 56-199] Attempt to get parsing info during refresh. "On-the-fly" syntax checking information may be incorrect. [C:\Users\SIVA DHANUSH REDDY\Downloads\SPI_Bootloader\Spi_Flashcontroller.srcs\sim_1\new\flash_tb.v:]
WARNING: [filemgmt 56-199] Attempt to get parsing info during refresh. "On-the-fly" syntax checking information may be incorrect. [C:\Users\SIVA DHANUSH REDDY\Downloads\SPI_Bootloader\Spi_Flashcontroller.srcs\sim_1\new\tb_practice.v:]
WARNING: [filemgmt 56-199] Attempt to get parsing info during refresh. "On-the-fly" syntax checking information may be incorrect. [C:\Users\SIVA DHANUSH REDDY\Downloads\SPI_Bootloader\Spi_Flashcontroller.srcs\sources_1\new\Spi_flashcontroller.v:]
WARNING: [filemgmt 56-199] Attempt to get parsing info during refresh. "On-the-fly" syntax checking information may be incorrect. [C:\Users\SIVA DHANUSH REDDY\Downloads\SPI_Bootloader\Spi_Flashcontroller.srcs\sources_1\new\Spi_flashcontroller.v:]
WARNING: [filemgmt 56-199] Attempt to get parsing info during refresh. "On-the-fly" syntax checking information may be incorrect. [C:\Users\SIVA DHANUSH REDDY\Downloads\SPI_Bootloader\Spi_Flashcontroller.srcs\sources_1\new\Spi_flashcontroller.v:]
WARNING: [filemgmt 56-199] Attempt to get parsing info during refresh. "On-the-fly" syntax checking information may be incorrect. [C:\Users\SIVA DHANUSH REDDY\Downloads\SPI_Bootloader\Spi_Flashcontroller.srcs\sim_1\new\flash_tb.v:]
WARNING: [filemgmt 56-199] Attempt to get parsing info during refresh. "On-the-fly" syntax checking information may be incorrect. [C:\Users\SIVA DHANUSH REDDY\Downloads\SPI_Bootloader\Spi_Flashcontroller.srcs\sim_1\new\tb_practice.v:]
WARNING: [filemgmt 56-199] Attempt to get parsing info during refresh. "On-the-fly" syntax checking information may be incorrect. [C:\Users\SIVA DHANUSH REDDY\Downloads\SPI_Bootloader\Spi_Flashcontroller.srcs\sources_1\new\Spi_flashcontroller.v:]
WARNING: [filemgmt 56-199] Attempt to get parsing info during refresh. "On-the-fly" syntax checking information may be incorrect. [C:\Users\SIVA DHANUSH REDDY\Downloads\SPI_Bootloader\Spi_Flashcontroller.srcs\sources_1\new\Spi_flashcontroller.v:]
WARNING: [filemgmt 56-199] Attempt to get parsing info during refresh. "On-the-fly" syntax checking information may be incorrect. [C:\Users\SIVA DHANUSH REDDY\Downloads\SPI_Bootloader\Spi_Flashcontroller.srcs\sources_1\new\Spi_flashcontroller.v:]
set_property top tb_pct [get_filesets sim_1]
set_property top_lib xil_defaultlib [get_filesets sim_1]
WARNING: [filemgmt 56-199] Attempt to get parsing info during refresh. "On-the-fly" syntax checking information may be incorrect. [C:\Users\SIVA DHANUSH REDDY\Downloads\SPI_Bootloader\Spi_Flashcontroller.srcs\sim_1\new\tb_pct.sv:]
WARNING: [filemgmt 56-199] Attempt to get parsing info during refresh. "On-the-fly" syntax checking information may be incorrect. [C:\Users\SIVA DHANUSH REDDY\Downloads\SPI_Bootloader\Spi_Flashcontroller.srcs\sim_1\new\flash_tb.v:]
WARNING: [filemgmt 56-199] Attempt to get parsing info during refresh. "On-the-fly" syntax checking information may be incorrect. [C:\Users\SIVA DHANUSH REDDY\Downloads\SPI_Bootloader\Spi_Flashcontroller.srcs\sim_1\new\tb_practice.v:]
WARNING: [filemgmt 56-199] Attempt to get parsing info during refresh. "On-the-fly" syntax checking information may be incorrect. [C:\Users\SIVA DHANUSH REDDY\Downloads\SPI_Bootloader\Spi_Flashcontroller.srcs\sources_1\new\Spi_flashcontroller.v:]
WARNING: [filemgmt 56-199] Attempt to get parsing info during refresh. "On-the-fly" syntax checking information may be incorrect. [C:\Users\SIVA DHANUSH REDDY\Downloads\SPI_Bootloader\Spi_Flashcontroller.srcs\sources_1\new\Spi_flashcontroller.v:]
WARNING: [filemgmt 56-199] Attempt to get parsing info during refresh. "On-the-fly" syntax checking information may be incorrect. [C:\Users\SIVA DHANUSH REDDY\Downloads\SPI_Bootloader\Spi_Flashcontroller.srcs\sources_1\new\Spi_flashcontroller.v:]
WARNING: [filemgmt 56-199] Attempt to get parsing info during refresh. "On-the-fly" syntax checking information may be incorrect. [C:\Users\SIVA DHANUSH REDDY\Downloads\SPI_Bootloader\Spi_Flashcontroller.srcs\sim_1\new\tb_pct.sv:]
WARNING: [filemgmt 56-199] Attempt to get parsing info during refresh. "On-the-fly" syntax checking information may be incorrect. [C:\Users\SIVA DHANUSH REDDY\Downloads\SPI_Bootloader\Spi_Flashcontroller.srcs\sim_1\new\flash_tb.v:]
WARNING: [filemgmt 56-199] Attempt to get parsing info during refresh. "On-the-fly" syntax checking information may be incorrect. [C:\Users\SIVA DHANUSH REDDY\Downloads\SPI_Bootloader\Spi_Flashcontroller.srcs\sim_1\new\tb_practice.v:]
WARNING: [filemgmt 56-199] Attempt to get parsing info during refresh. "On-the-fly" syntax checking information may be incorrect. [C:\Users\SIVA DHANUSH REDDY\Downloads\SPI_Bootloader\Spi_Flashcontroller.srcs\sources_1\new\Spi_flashcontroller.v:]
WARNING: [filemgmt 56-199] Attempt to get parsing info during refresh. "On-the-fly" syntax checking information may be incorrect. [C:\Users\SIVA DHANUSH REDDY\Downloads\SPI_Bootloader\Spi_Flashcontroller.srcs\sim_1\new\tb_pct.sv:]
WARNING: [filemgmt 56-199] Attempt to get parsing info during refresh. "On-the-fly" syntax checking information may be incorrect. [C:\Users\SIVA DHANUSH REDDY\Downloads\SPI_Bootloader\Spi_Flashcontroller.srcs\sim_1\new\tb_pct.sv:]
ERROR: [Common 17-180] Spawn failed: No error
WARNING: [filemgmt 56-199] Attempt to get parsing info during refresh. "On-the-fly" syntax checking information may be incorrect. [C:\Users\SIVA DHANUSH REDDY\Downloads\SPI_Bootloader\Spi_Flashcontroller.srcs\sim_1\new\tb_pct.sv:]
WARNING: [filemgmt 56-199] Attempt to get parsing info during refresh. "On-the-fly" syntax checking information may be incorrect. [C:\Users\SIVA DHANUSH REDDY\Downloads\SPI_Bootloader\Spi_Flashcontroller.srcs\sim_1\new\flash_tb.v:]
WARNING: [filemgmt 56-199] Attempt to get parsing info during refresh. "On-the-fly" syntax checking information may be incorrect. [C:\Users\SIVA DHANUSH REDDY\Downloads\SPI_Bootloader\Spi_Flashcontroller.srcs\sim_1\new\tb_practice.v:]
WARNING: [filemgmt 56-199] Attempt to get parsing info during refresh. "On-the-fly" syntax checking information may be incorrect. [C:\Users\SIVA DHANUSH REDDY\Downloads\SPI_Bootloader\Spi_Flashcontroller.srcs\sources_1\new\Spi_flashcontroller.v:]
WARNING: [filemgmt 56-199] Attempt to get parsing info during refresh. "On-the-fly" syntax checking information may be incorrect. [C:\Users\SIVA DHANUSH REDDY\Downloads\SPI_Bootloader\Spi_Flashcontroller.srcs\sim_1\new\flash_tb.v:]
WARNING: [filemgmt 56-199] Attempt to get parsing info during refresh. "On-the-fly" syntax checking information may be incorrect. [C:\Users\SIVA DHANUSH REDDY\Downloads\SPI_Bootloader\Spi_Flashcontroller.srcs\sim_1\new\flash_tb.v:]
ERROR: [Common 17-180] Spawn failed: No error
launch_simulation
Command: launch_simulation 
INFO: [Vivado 12-12493] Simulation top is 'tb_pct'
WARNING: [Vivado 12-13340] Unable to auto find GCC executables from simulator install path! (path not set)
INFO: [Vivado 12-5682] Launching behavioral simulation in 'C:/Users/SIVA DHANUSH REDDY/Downloads/SPI_Bootloader/Spi_Flashcontroller.sim/sim_1/behav/xsim'
INFO: [SIM-utils-51] Simulation object is 'sim_1'
INFO: [SIM-utils-72] Using boost library from 'C:/Xilinx/Vivado/2024.2/tps/boost_1_72_0'
WARNING: [filemgmt 56-199] Attempt to get parsing info during refresh. "On-the-fly" syntax checking information may be incorrect. [C:\Users\SIVA DHANUSH REDDY\Downloads\SPI_Bootloader\Spi_Flashcontroller.srcs\sim_1\new\tb_pct.sv:]
WARNING: [filemgmt 56-199] Attempt to get parsing info during refresh. "On-the-fly" syntax checking information may be incorrect. [C:\Users\SIVA DHANUSH REDDY\Downloads\SPI_Bootloader\Spi_Flashcontroller.srcs\sim_1\new\flash_tb.v:]
WARNING: [filemgmt 56-199] Attempt to get parsing info during refresh. "On-the-fly" syntax checking information may be incorrect. [C:\Users\SIVA DHANUSH REDDY\Downloads\SPI_Bootloader\Spi_Flashcontroller.srcs\sim_1\new\tb_practice.v:]
WARNING: [filemgmt 56-199] Attempt to get parsing info during refresh. "On-the-fly" syntax checking information may be incorrect. [C:\Users\SIVA DHANUSH REDDY\Downloads\SPI_Bootloader\Spi_Flashcontroller.srcs\sources_1\new\Spi_flashcontroller.v:]
WARNING: [filemgmt 56-199] Attempt to get parsing info during refresh. "On-the-fly" syntax checking information may be incorrect. [C:\Users\SIVA DHANUSH REDDY\Downloads\SPI_Bootloader\Spi_Flashcontroller.srcs\sources_1\new\Spi_flashcontroller.v:]
WARNING: [filemgmt 56-199] Attempt to get parsing info during refresh. "On-the-fly" syntax checking information may be incorrect. [C:\Users\SIVA DHANUSH REDDY\Downloads\SPI_Bootloader\Spi_Flashcontroller.srcs\sources_1\new\Spi_flashcontroller.v:]
WARNING: [filemgmt 56-199] Attempt to get parsing info during refresh. "On-the-fly" syntax checking information may be incorrect. [C:\Users\SIVA DHANUSH REDDY\Downloads\SPI_Bootloader\Spi_Flashcontroller.srcs\sim_1\new\tb_pct.sv:]
WARNING: [filemgmt 56-199] Attempt to get parsing info during refresh. "On-the-fly" syntax checking information may be incorrect. [C:\Users\SIVA DHANUSH REDDY\Downloads\SPI_Bootloader\Spi_Flashcontroller.srcs\sim_1\new\tb_practice.v:]
WARNING: [filemgmt 56-199] Attempt to get parsing info during refresh. "On-the-fly" syntax checking information may be incorrect. [C:\Users\SIVA DHANUSH REDDY\Downloads\SPI_Bootloader\Spi_Flashcontroller.srcs\sources_1\new\Spi_flashcontroller.v:]
INFO: [SIM-utils-54] Inspecting design source files for 'tb_pct' in fileset 'sim_1'...
INFO: [USF-XSim-97] Finding global include files...
INFO: [USF-XSim-100] Fetching design files from 'sources_1'...(this may take a while)...
INFO: [USF-XSim-101] Fetching design files from 'sim_1'...
INFO: [USF-XSim-2] XSim::Compile design
INFO: [USF-XSim-61] Executing 'COMPILE and ANALYZE' step in 'C:/Users/SIVA DHANUSH REDDY/Downloads/SPI_Bootloader/Spi_Flashcontroller.sim/sim_1/behav/xsim'
ERROR: [Common 17-180] Spawn failed: No error
WARNING: [filemgmt 56-199] Attempt to get parsing info during refresh. "On-the-fly" syntax checking information may be incorrect. [C:\Users\SIVA DHANUSH REDDY\Downloads\SPI_Bootloader\Spi_Flashcontroller.srcs\sim_1\new\tb_pct.sv:]
WARNING: [filemgmt 56-199] Attempt to get parsing info during refresh. "On-the-fly" syntax checking information may be incorrect. [C:\Users\SIVA DHANUSH REDDY\Downloads\SPI_Bootloader\Spi_Flashcontroller.srcs\sim_1\new\flash_tb.v:]
WARNING: [filemgmt 56-199] Attempt to get parsing info during refresh. "On-the-fly" syntax checking information may be incorrect. [C:\Users\SIVA DHANUSH REDDY\Downloads\SPI_Bootloader\Spi_Flashcontroller.srcs\sim_1\new\tb_practice.v:]
WARNING: [filemgmt 56-199] Attempt to get parsing info during refresh. "On-the-fly" syntax checking information may be incorrect. [C:\Users\SIVA DHANUSH REDDY\Downloads\SPI_Bootloader\Spi_Flashcontroller.srcs\sources_1\new\Spi_flashcontroller.v:]
WARNING: [filemgmt 56-199] Attempt to get parsing info during refresh. "On-the-fly" syntax checking information may be incorrect. [C:\Users\SIVA DHANUSH REDDY\Downloads\SPI_Bootloader\Spi_Flashcontroller.srcs\sim_1\new\flash_tb.v:]
WARNING: [filemgmt 56-199] Attempt to get parsing info during refresh. "On-the-fly" syntax checking information may be incorrect. [C:\Users\SIVA DHANUSH REDDY\Downloads\SPI_Bootloader\Spi_Flashcontroller.srcs\sim_1\new\flash_tb.v:]
ERROR: [Common 17-180] Spawn failed: No error
"xvlog --incr --relax -L uvm -prj tb_pct_vlog.prj"
INFO: [VRFC 10-2263] Analyzing Verilog file "C:/Users/SIVA DHANUSH REDDY/Downloads/SPI_Bootloader/Spi_Flashcontroller.srcs/sources_1/new/SPI_Test.v" into library xil_defaultlib
INFO: [VRFC 10-311] analyzing module SPI_Driver
INFO: [VRFC 10-2263] Analyzing Verilog file "C:/Users/SIVA DHANUSH REDDY/Downloads/SPI_Bootloader/Spi_Flashcontroller.srcs/sources_1/new/Spi_flashcontroller.v" into library xil_defaultlib
INFO: [VRFC 10-311] analyzing module SPI_flashcontroller
INFO: [VRFC 10-2263] Analyzing Verilog file "C:/Users/SIVA DHANUSH REDDY/Downloads/Spi_Flashcontroller/Spi_Flashcontroller.srcs/sim_1/new/Tb_pi.v" into library xil_defaultlib
INFO: [VRFC 10-311] analyzing module tb_SPI_Driver
INFO: [VRFC 10-2263] Analyzing Verilog file "C:/Users/SIVA DHANUSH REDDY/Downloads/SPI_Bootloader/Spi_Flashcontroller.srcs/sim_1/new/flash_tb.v" into library xil_defaultlib
INFO: [VRFC 10-311] analyzing module tb_flash
INFO: [VRFC 10-2263] Analyzing Verilog file "C:/Users/SIVA DHANUSH REDDY/Downloads/SPI_Bootloader/Spi_Flashcontroller.srcs/sim_1/new/tb_practice.v" into library xil_defaultlib
INFO: [VRFC 10-2263] Analyzing SystemVerilog file "C:/Users/SIVA DHANUSH REDDY/Downloads/SPI_Bootloader/Spi_Flashcontroller.srcs/sim_1/new/tb_pct.sv" into library xil_defaultlib
INFO: [VRFC 10-311] analyzing module tb
INFO: [VRFC 10-2263] Analyzing Verilog file "C:/Users/SIVA DHANUSH REDDY/Downloads/SPI_Bootloader/Spi_Flashcontroller.sim/sim_1/behav/xsim/glbl.v" into library xil_defaultlib
INFO: [VRFC 10-311] analyzing module glbl
INFO: [USF-XSim-69] 'compile' step finished in '4' seconds
ERROR: [USF-XSim-62] 'compile' step failed with error(s) while executing 'C:/Users/SIVA DHANUSH REDDY/Downloads/SPI_Bootloader/Spi_Flashcontroller.sim/sim_1/behav/xsim/compile.bat' script. Please check that the file has the correct 'read/write/execute' permissions and the Tcl console output for any other possible errors or warnings.
ERROR: [Vivado 12-4473] Detected error while running simulation. Please correct the issue and retry this operation.
launch_simulation: Time (s): cpu = 00:00:02 ; elapsed = 00:00:05 . Memory (MB): peak = 1391.969 ; gain = 0.000
ERROR: [Common 17-39] 'launch_simulation' failed due to earlier errors.
launch_simulation
Command: launch_simulation 
INFO: [Vivado 12-12493] Simulation top is 'tb_pct'
WARNING: [Vivado 12-13340] Unable to auto find GCC executables from simulator install path! (path not set)
INFO: [Vivado 12-5682] Launching behavioral simulation in 'C:/Users/SIVA DHANUSH REDDY/Downloads/SPI_Bootloader/Spi_Flashcontroller.sim/sim_1/behav/xsim'
INFO: [SIM-utils-51] Simulation object is 'sim_1'
INFO: [SIM-utils-72] Using boost library from 'C:/Xilinx/Vivado/2024.2/tps/boost_1_72_0'
INFO: [SIM-utils-54] Inspecting design source files for 'tb_pct' in fileset 'sim_1'...
INFO: [USF-XSim-97] Finding global include files...
INFO: [USF-XSim-100] Fetching design files from 'sources_1'...(this may take a while)...
INFO: [USF-XSim-101] Fetching design files from 'sim_1'...
INFO: [USF-XSim-2] XSim::Compile design
INFO: [USF-XSim-61] Executing 'COMPILE and ANALYZE' step in 'C:/Users/SIVA DHANUSH REDDY/Downloads/SPI_Bootloader/Spi_Flashcontroller.sim/sim_1/behav/xsim'
"xvlog --incr --relax -L uvm -prj tb_pct_vlog.prj"
INFO: [USF-XSim-69] 'compile' step finished in '3' seconds
INFO: [USF-XSim-3] XSim::Elaborate design
INFO: [USF-XSim-61] Executing 'ELABORATE' step in 'C:/Users/SIVA DHANUSH REDDY/Downloads/SPI_Bootloader/Spi_Flashcontroller.sim/sim_1/behav/xsim'
"xelab --incr --debug typical --relax --mt 2 -L xil_defaultlib -L uvm -L unisims_ver -L unimacro_ver -L secureip --snapshot tb_pct_behav xil_defaultlib.tb_pct xil_defaultlib.glbl -log elaborate.log"
Vivado Simulator v2024.2.0
Copyright 1986-2022 Xilinx, Inc. All Rights Reserved.
Copyright 2022-2024 Advanced Micro Devices, Inc. All Rights Reserved.
Running: C:/Xilinx/Vivado/2024.2/bin/unwrapped/win64.o/xelab.exe --incr --debug typical --relax --mt 2 -L xil_defaultlib -L uvm -L unisims_ver -L unimacro_ver -L secureip --snapshot tb_pct_behav xil_defaultlib.tb_pct xil_defaultlib.glbl -log elaborate.log 
Using 2 slave threads.
ERROR: [XSIM 43-3225] Cannot find design unit xil_defaultlib.tb_pct in library work located at xsim.dir/work.
INFO: [USF-XSim-69] 'elaborate' step finished in '2' seconds
INFO: [USF-XSim-99] Step results log file:'C:/Users/SIVA DHANUSH REDDY/Downloads/SPI_Bootloader/Spi_Flashcontroller.sim/sim_1/behav/xsim/elaborate.log'
ERROR: [USF-XSim-62] 'elaborate' step failed with error(s). Please check the Tcl console output or 'C:/Users/SIVA DHANUSH REDDY/Downloads/SPI_Bootloader/Spi_Flashcontroller.sim/sim_1/behav/xsim/elaborate.log' file for more information.
ERROR: [Vivado 12-4473] Detected error while running simulation. Please correct the issue and retry this operation.
launch_simulation: Time (s): cpu = 00:00:01 ; elapsed = 00:00:06 . Memory (MB): peak = 1391.969 ; gain = 0.000
ERROR: [Common 17-39] 'launch_simulation' failed due to earlier errors.
set_property top SPI_Driver [current_fileset]
WARNING: [filemgmt 56-199] Attempt to get parsing info during refresh. "On-the-fly" syntax checking information may be incorrect. [C:\Users\SIVA DHANUSH REDDY\Downloads\SPI_Bootloader\Spi_Flashcontroller.srcs\sim_1\new\tb_pct.sv:]
WARNING: [filemgmt 56-199] Attempt to get parsing info during refresh. "On-the-fly" syntax checking information may be incorrect. [C:\Users\SIVA DHANUSH REDDY\Downloads\SPI_Bootloader\Spi_Flashcontroller.srcs\sources_1\new\SPI_Test.v:]
WARNING: [filemgmt 56-199] Attempt to get parsing info during refresh. "On-the-fly" syntax checking information may be incorrect. [C:\Users\SIVA DHANUSH REDDY\Downloads\SPI_Bootloader\Spi_Flashcontroller.srcs\sim_1\new\flash_tb.v:]
WARNING: [filemgmt 56-199] Attempt to get parsing info during refresh. "On-the-fly" syntax checking information may be incorrect. [C:\Users\SIVA DHANUSH REDDY\Downloads\SPI_Bootloader\Spi_Flashcontroller.srcs\sim_1\new\tb_practice.v:]
WARNING: [filemgmt 56-199] Attempt to get parsing info during refresh. "On-the-fly" syntax checking information may be incorrect. [C:\Users\SIVA DHANUSH REDDY\Downloads\SPI_Bootloader\Spi_Flashcontroller.srcs\sources_1\new\Spi_flashcontroller.v:]
WARNING: [filemgmt 56-199] Attempt to get parsing info during refresh. "On-the-fly" syntax checking information may be incorrect. [C:\Users\SIVA DHANUSH REDDY\Downloads\SPI_Bootloader\Spi_Flashcontroller.srcs\sources_1\new\Spi_flashcontroller.v:]
WARNING: [filemgmt 56-199] Attempt to get parsing info during refresh. "On-the-fly" syntax checking information may be incorrect. [C:\Users\SIVA DHANUSH REDDY\Downloads\SPI_Bootloader\Spi_Flashcontroller.srcs\sources_1\new\Spi_flashcontroller.v:]
WARNING: [filemgmt 56-199] Attempt to get parsing info during refresh. "On-the-fly" syntax checking information may be incorrect. [C:\Users\SIVA DHANUSH REDDY\Downloads\SPI_Bootloader\Spi_Flashcontroller.srcs\sim_1\new\tb_pct.sv:]
WARNING: [filemgmt 56-199] Attempt to get parsing info during refresh. "On-the-fly" syntax checking information may be incorrect. [C:\Users\SIVA DHANUSH REDDY\Downloads\SPI_Bootloader\Spi_Flashcontroller.srcs\sources_1\new\SPI_Test.v:]
WARNING: [filemgmt 56-199] Attempt to get parsing info during refresh. "On-the-fly" syntax checking information may be incorrect. [C:\Users\SIVA DHANUSH REDDY\Downloads\SPI_Bootloader\Spi_Flashcontroller.srcs\sim_1\new\flash_tb.v:]
WARNING: [filemgmt 56-199] Attempt to get parsing info during refresh. "On-the-fly" syntax checking information may be incorrect. [C:\Users\SIVA DHANUSH REDDY\Downloads\SPI_Bootloader\Spi_Flashcontroller.srcs\sim_1\new\tb_practice.v:]
WARNING: [filemgmt 56-199] Attempt to get parsing info during refresh. "On-the-fly" syntax checking information may be incorrect. [C:\Users\SIVA DHANUSH REDDY\Downloads\SPI_Bootloader\Spi_Flashcontroller.srcs\sources_1\new\Spi_flashcontroller.v:]
WARNING: [filemgmt 56-199] Attempt to get parsing info during refresh. "On-the-fly" syntax checking information may be incorrect. [C:\Users\SIVA DHANUSH REDDY\Downloads\SPI_Bootloader\Spi_Flashcontroller.srcs\sim_1\new\tb_pct.sv:]
WARNING: [filemgmt 56-199] Attempt to get parsing info during refresh. "On-the-fly" syntax checking information may be incorrect. [C:\Users\SIVA DHANUSH REDDY\Downloads\SPI_Bootloader\Spi_Flashcontroller.srcs\sim_1\new\tb_pct.sv:]
WARNING: [filemgmt 56-199] Attempt to get parsing info during refresh. "On-the-fly" syntax checking information may be incorrect. [C:\Users\SIVA DHANUSH REDDY\Downloads\SPI_Bootloader\Spi_Flashcontroller.srcs\sim_1\new\tb_pct.sv:]
WARNING: [filemgmt 56-199] Attempt to get parsing info during refresh. "On-the-fly" syntax checking information may be incorrect. [C:\Users\SIVA DHANUSH REDDY\Downloads\SPI_Bootloader\Spi_Flashcontroller.srcs\sources_1\new\SPI_Test.v:]
WARNING: [filemgmt 56-199] Attempt to get parsing info during refresh. "On-the-fly" syntax checking information may be incorrect. [C:\Users\SIVA DHANUSH REDDY\Downloads\SPI_Bootloader\Spi_Flashcontroller.srcs\sim_1\new\flash_tb.v:]
WARNING: [filemgmt 56-199] Attempt to get parsing info during refresh. "On-the-fly" syntax checking information may be incorrect. [C:\Users\SIVA DHANUSH REDDY\Downloads\SPI_Bootloader\Spi_Flashcontroller.srcs\sim_1\new\tb_practice.v:]
WARNING: [filemgmt 56-199] Attempt to get parsing info during refresh. "On-the-fly" syntax checking information may be incorrect. [C:\Users\SIVA DHANUSH REDDY\Downloads\SPI_Bootloader\Spi_Flashcontroller.srcs\sources_1\new\Spi_flashcontroller.v:]
WARNING: [filemgmt 56-199] Attempt to get parsing info during refresh. "On-the-fly" syntax checking information may be incorrect. [C:\Users\SIVA DHANUSH REDDY\Downloads\SPI_Bootloader\Spi_Flashcontroller.srcs\sources_1\new\SPI_Test.v:]
WARNING: [filemgmt 56-199] Attempt to get parsing info during refresh. "On-the-fly" syntax checking information may be incorrect. [C:\Users\SIVA DHANUSH REDDY\Downloads\SPI_Bootloader\Spi_Flashcontroller.srcs\sources_1\new\SPI_Test.v:]
ERROR: [Common 17-180] Spawn failed: No error
WARNING: [filemgmt 56-199] Attempt to get parsing info during refresh. "On-the-fly" syntax checking information may be incorrect. [C:\Users\SIVA DHANUSH REDDY\Downloads\SPI_Bootloader\Spi_Flashcontroller.srcs\sim_1\new\tb_pct.sv:]
WARNING: [filemgmt 56-199] Attempt to get parsing info during refresh. "On-the-fly" syntax checking information may be incorrect. [C:\Users\SIVA DHANUSH REDDY\Downloads\SPI_Bootloader\Spi_Flashcontroller.srcs\sources_1\new\SPI_Test.v:]
WARNING: [filemgmt 56-199] Attempt to get parsing info during refresh. "On-the-fly" syntax checking information may be incorrect. [C:\Users\SIVA DHANUSH REDDY\Downloads\SPI_Bootloader\Spi_Flashcontroller.srcs\sim_1\new\flash_tb.v:]
WARNING: [filemgmt 56-199] Attempt to get parsing info during refresh. "On-the-fly" syntax checking information may be incorrect. [C:\Users\SIVA DHANUSH REDDY\Downloads\SPI_Bootloader\Spi_Flashcontroller.srcs\sim_1\new\tb_practice.v:]
WARNING: [filemgmt 56-199] Attempt to get parsing info during refresh. "On-the-fly" syntax checking information may be incorrect. [C:\Users\SIVA DHANUSH REDDY\Downloads\SPI_Bootloader\Spi_Flashcontroller.srcs\sources_1\new\Spi_flashcontroller.v:]
WARNING: [filemgmt 56-199] Attempt to get parsing info during refresh. "On-the-fly" syntax checking information may be incorrect. [C:\Users\SIVA DHANUSH REDDY\Downloads\SPI_Bootloader\Spi_Flashcontroller.srcs\sim_1\new\flash_tb.v:]
WARNING: [filemgmt 56-199] Attempt to get parsing info during refresh. "On-the-fly" syntax checking information may be incorrect. [C:\Users\SIVA DHANUSH REDDY\Downloads\SPI_Bootloader\Spi_Flashcontroller.srcs\sim_1\new\flash_tb.v:]
ERROR: [Common 17-180] Spawn failed: No error
launch_simulation
Command: launch_simulation 
INFO: [Vivado 12-12493] Simulation top is 'tb_pct'
WARNING: [Vivado 12-13340] Unable to auto find GCC executables from simulator install path! (path not set)
INFO: [Vivado 12-5682] Launching behavioral simulation in 'C:/Users/SIVA DHANUSH REDDY/Downloads/SPI_Bootloader/Spi_Flashcontroller.sim/sim_1/behav/xsim'
INFO: [SIM-utils-51] Simulation object is 'sim_1'
INFO: [SIM-utils-72] Using boost library from 'C:/Xilinx/Vivado/2024.2/tps/boost_1_72_0'
INFO: [SIM-utils-54] Inspecting design source files for 'tb_pct' in fileset 'sim_1'...
INFO: [USF-XSim-97] Finding global include files...
INFO: [USF-XSim-100] Fetching design files from 'sources_1'...(this may take a while)...
INFO: [USF-XSim-101] Fetching design files from 'sim_1'...
INFO: [USF-XSim-2] XSim::Compile design
INFO: [USF-XSim-61] Executing 'COMPILE and ANALYZE' step in 'C:/Users/SIVA DHANUSH REDDY/Downloads/SPI_Bootloader/Spi_Flashcontroller.sim/sim_1/behav/xsim'
"xvlog --incr --relax -L uvm -prj tb_pct_vlog.prj"
INFO: [USF-XSim-69] 'compile' step finished in '2' seconds
INFO: [USF-XSim-3] XSim::Elaborate design
INFO: [USF-XSim-61] Executing 'ELABORATE' step in 'C:/Users/SIVA DHANUSH REDDY/Downloads/SPI_Bootloader/Spi_Flashcontroller.sim/sim_1/behav/xsim'
"xelab --incr --debug typical --relax --mt 2 -L xil_defaultlib -L uvm -L unisims_ver -L unimacro_ver -L secureip --snapshot tb_pct_behav xil_defaultlib.tb_pct xil_defaultlib.glbl -log elaborate.log"
Vivado Simulator v2024.2.0
Copyright 1986-2022 Xilinx, Inc. All Rights Reserved.
Copyright 2022-2024 Advanced Micro Devices, Inc. All Rights Reserved.
Running: C:/Xilinx/Vivado/2024.2/bin/unwrapped/win64.o/xelab.exe --incr --debug typical --relax --mt 2 -L xil_defaultlib -L uvm -L unisims_ver -L unimacro_ver -L secureip --snapshot tb_pct_behav xil_defaultlib.tb_pct xil_defaultlib.glbl -log elaborate.log 
Using 2 slave threads.
ERROR: [XSIM 43-3225] Cannot find design unit xil_defaultlib.tb_pct in library work located at xsim.dir/work.
INFO: [USF-XSim-69] 'elaborate' step finished in '3' seconds
INFO: [USF-XSim-99] Step results log file:'C:/Users/SIVA DHANUSH REDDY/Downloads/SPI_Bootloader/Spi_Flashcontroller.sim/sim_1/behav/xsim/elaborate.log'
ERROR: [USF-XSim-62] 'elaborate' step failed with error(s). Please check the Tcl console output or 'C:/Users/SIVA DHANUSH REDDY/Downloads/SPI_Bootloader/Spi_Flashcontroller.sim/sim_1/behav/xsim/elaborate.log' file for more information.
ERROR: [Vivado 12-4473] Detected error while running simulation. Please correct the issue and retry this operation.
ERROR: [Common 17-39] 'launch_simulation' failed due to earlier errors.
set_property top tb [get_filesets sim_1]
set_property top_lib xil_defaultlib [get_filesets sim_1]
WARNING: [filemgmt 56-199] Attempt to get parsing info during refresh. "On-the-fly" syntax checking information may be incorrect. [C:\Users\SIVA DHANUSH REDDY\Downloads\SPI_Bootloader\Spi_Flashcontroller.srcs\sim_1\new\tb_pct.sv:]
WARNING: [filemgmt 56-199] Attempt to get parsing info during refresh. "On-the-fly" syntax checking information may be incorrect. [C:\Users\SIVA DHANUSH REDDY\Downloads\SPI_Bootloader\Spi_Flashcontroller.srcs\sources_1\new\SPI_Test.v:]
WARNING: [filemgmt 56-199] Attempt to get parsing info during refresh. "On-the-fly" syntax checking information may be incorrect. [C:\Users\SIVA DHANUSH REDDY\Downloads\SPI_Bootloader\Spi_Flashcontroller.srcs\sim_1\new\flash_tb.v:]
WARNING: [filemgmt 56-199] Attempt to get parsing info during refresh. "On-the-fly" syntax checking information may be incorrect. [C:\Users\SIVA DHANUSH REDDY\Downloads\SPI_Bootloader\Spi_Flashcontroller.srcs\sim_1\new\tb_practice.v:]
WARNING: [filemgmt 56-199] Attempt to get parsing info during refresh. "On-the-fly" syntax checking information may be incorrect. [C:\Users\SIVA DHANUSH REDDY\Downloads\SPI_Bootloader\Spi_Flashcontroller.srcs\sources_1\new\Spi_flashcontroller.v:]
WARNING: [filemgmt 56-199] Attempt to get parsing info during refresh. "On-the-fly" syntax checking information may be incorrect. [C:\Users\SIVA DHANUSH REDDY\Downloads\SPI_Bootloader\Spi_Flashcontroller.srcs\sources_1\new\Spi_flashcontroller.v:]
WARNING: [filemgmt 56-199] Attempt to get parsing info during refresh. "On-the-fly" syntax checking information may be incorrect. [C:\Users\SIVA DHANUSH REDDY\Downloads\SPI_Bootloader\Spi_Flashcontroller.srcs\sources_1\new\Spi_flashcontroller.v:]
WARNING: [filemgmt 56-199] Attempt to get parsing info during refresh. "On-the-fly" syntax checking information may be incorrect. [C:\Users\SIVA DHANUSH REDDY\Downloads\SPI_Bootloader\Spi_Flashcontroller.srcs\sim_1\new\tb_pct.sv:]
WARNING: [filemgmt 56-199] Attempt to get parsing info during refresh. "On-the-fly" syntax checking information may be incorrect. [C:\Users\SIVA DHANUSH REDDY\Downloads\SPI_Bootloader\Spi_Flashcontroller.srcs\sources_1\new\SPI_Test.v:]
WARNING: [filemgmt 56-199] Attempt to get parsing info during refresh. "On-the-fly" syntax checking information may be incorrect. [C:\Users\SIVA DHANUSH REDDY\Downloads\SPI_Bootloader\Spi_Flashcontroller.srcs\sim_1\new\flash_tb.v:]
WARNING: [filemgmt 56-199] Attempt to get parsing info during refresh. "On-the-fly" syntax checking information may be incorrect. [C:\Users\SIVA DHANUSH REDDY\Downloads\SPI_Bootloader\Spi_Flashcontroller.srcs\sim_1\new\tb_practice.v:]
WARNING: [filemgmt 56-199] Attempt to get parsing info during refresh. "On-the-fly" syntax checking information may be incorrect. [C:\Users\SIVA DHANUSH REDDY\Downloads\SPI_Bootloader\Spi_Flashcontroller.srcs\sources_1\new\Spi_flashcontroller.v:]
WARNING: [filemgmt 56-199] Attempt to get parsing info during refresh. "On-the-fly" syntax checking information may be incorrect. [C:\Users\SIVA DHANUSH REDDY\Downloads\SPI_Bootloader\Spi_Flashcontroller.srcs\sim_1\new\tb_pct.sv:]
WARNING: [filemgmt 56-199] Attempt to get parsing info during refresh. "On-the-fly" syntax checking information may be incorrect. [C:\Users\SIVA DHANUSH REDDY\Downloads\SPI_Bootloader\Spi_Flashcontroller.srcs\sim_1\new\tb_pct.sv:]
WARNING: [filemgmt 56-199] Attempt to get parsing info during refresh. "On-the-fly" syntax checking information may be incorrect. [C:\Users\SIVA DHANUSH REDDY\Downloads\SPI_Bootloader\Spi_Flashcontroller.srcs\sim_1\new\tb_pct.sv:]
WARNING: [filemgmt 56-199] Attempt to get parsing info during refresh. "On-the-fly" syntax checking information may be incorrect. [C:\Users\SIVA DHANUSH REDDY\Downloads\SPI_Bootloader\Spi_Flashcontroller.srcs\sources_1\new\SPI_Test.v:]
WARNING: [filemgmt 56-199] Attempt to get parsing info during refresh. "On-the-fly" syntax checking information may be incorrect. [C:\Users\SIVA DHANUSH REDDY\Downloads\SPI_Bootloader\Spi_Flashcontroller.srcs\sim_1\new\flash_tb.v:]
WARNING: [filemgmt 56-199] Attempt to get parsing info during refresh. "On-the-fly" syntax checking information may be incorrect. [C:\Users\SIVA DHANUSH REDDY\Downloads\SPI_Bootloader\Spi_Flashcontroller.srcs\sim_1\new\tb_practice.v:]
WARNING: [filemgmt 56-199] Attempt to get parsing info during refresh. "On-the-fly" syntax checking information may be incorrect. [C:\Users\SIVA DHANUSH REDDY\Downloads\SPI_Bootloader\Spi_Flashcontroller.srcs\sources_1\new\Spi_flashcontroller.v:]
WARNING: [filemgmt 56-199] Attempt to get parsing info during refresh. "On-the-fly" syntax checking information may be incorrect. [C:\Users\SIVA DHANUSH REDDY\Downloads\SPI_Bootloader\Spi_Flashcontroller.srcs\sim_1\new\flash_tb.v:]
WARNING: [filemgmt 56-199] Attempt to get parsing info during refresh. "On-the-fly" syntax checking information may be incorrect. [C:\Users\SIVA DHANUSH REDDY\Downloads\SPI_Bootloader\Spi_Flashcontroller.srcs\sim_1\new\flash_tb.v:]
WARNING: [filemgmt 56-199] Attempt to get parsing info during refresh. "On-the-fly" syntax checking information may be incorrect. [C:\Users\SIVA DHANUSH REDDY\Downloads\SPI_Bootloader\Spi_Flashcontroller.srcs\sim_1\new\tb_pct.sv:]
WARNING: [filemgmt 56-199] Attempt to get parsing info during refresh. "On-the-fly" syntax checking information may be incorrect. [C:\Users\SIVA DHANUSH REDDY\Downloads\SPI_Bootloader\Spi_Flashcontroller.srcs\sources_1\new\SPI_Test.v:]
WARNING: [filemgmt 56-199] Attempt to get parsing info during refresh. "On-the-fly" syntax checking information may be incorrect. [C:\Users\SIVA DHANUSH REDDY\Downloads\SPI_Bootloader\Spi_Flashcontroller.srcs\sim_1\new\flash_tb.v:]
WARNING: [filemgmt 56-199] Attempt to get parsing info during refresh. "On-the-fly" syntax checking information may be incorrect. [C:\Users\SIVA DHANUSH REDDY\Downloads\SPI_Bootloader\Spi_Flashcontroller.srcs\sim_1\new\tb_practice.v:]
WARNING: [filemgmt 56-199] Attempt to get parsing info during refresh. "On-the-fly" syntax checking information may be incorrect. [C:\Users\SIVA DHANUSH REDDY\Downloads\SPI_Bootloader\Spi_Flashcontroller.srcs\sources_1\new\Spi_flashcontroller.v:]
WARNING: [filemgmt 56-199] Attempt to get parsing info during refresh. "On-the-fly" syntax checking information may be incorrect. [C:\Users\SIVA DHANUSH REDDY\Downloads\SPI_Bootloader\Spi_Flashcontroller.srcs\sim_1\new\tb_practice.v:]
WARNING: [filemgmt 56-199] Attempt to get parsing info during refresh. "On-the-fly" syntax checking information may be incorrect. [C:\Users\SIVA DHANUSH REDDY\Downloads\SPI_Bootloader\Spi_Flashcontroller.srcs\sim_1\new\tb_practice.v:]
launch_simulation
Command: launch_simulation 
INFO: [Vivado 12-12493] Simulation top is 'tb'
WARNING: [Vivado 12-13340] Unable to auto find GCC executables from simulator install path! (path not set)
INFO: [Vivado 12-5682] Launching behavioral simulation in 'C:/Users/SIVA DHANUSH REDDY/Downloads/SPI_Bootloader/Spi_Flashcontroller.sim/sim_1/behav/xsim'
INFO: [SIM-utils-51] Simulation object is 'sim_1'
INFO: [SIM-utils-72] Using boost library from 'C:/Xilinx/Vivado/2024.2/tps/boost_1_72_0'
INFO: [SIM-utils-54] Inspecting design source files for 'tb' in fileset 'sim_1'...
INFO: [USF-XSim-97] Finding global include files...
INFO: [USF-XSim-100] Fetching design files from 'sources_1'...(this may take a while)...
INFO: [USF-XSim-101] Fetching design files from 'sim_1'...
INFO: [USF-XSim-2] XSim::Compile design
INFO: [USF-XSim-61] Executing 'COMPILE and ANALYZE' step in 'C:/Users/SIVA DHANUSH REDDY/Downloads/SPI_Bootloader/Spi_Flashcontroller.sim/sim_1/behav/xsim'
"xvlog --incr --relax -L uvm -prj tb_vlog.prj"
INFO: [USF-XSim-69] 'compile' step finished in '2' seconds
INFO: [USF-XSim-3] XSim::Elaborate design
INFO: [USF-XSim-61] Executing 'ELABORATE' step in 'C:/Users/SIVA DHANUSH REDDY/Downloads/SPI_Bootloader/Spi_Flashcontroller.sim/sim_1/behav/xsim'
"xelab --incr --debug typical --relax --mt 2 -L xil_defaultlib -L uvm -L unisims_ver -L unimacro_ver -L secureip --snapshot tb_behav xil_defaultlib.tb xil_defaultlib.glbl -log elaborate.log"
Vivado Simulator v2024.2.0
Copyright 1986-2022 Xilinx, Inc. All Rights Reserved.
Copyright 2022-2024 Advanced Micro Devices, Inc. All Rights Reserved.
Running: C:/Xilinx/Vivado/2024.2/bin/unwrapped/win64.o/xelab.exe --incr --debug typical --relax --mt 2 -L xil_defaultlib -L uvm -L unisims_ver -L unimacro_ver -L secureip --snapshot tb_behav xil_defaultlib.tb xil_defaultlib.glbl -log elaborate.log 
Using 2 slave threads.
Starting static elaboration
Pass Through NonSizing Optimizer
Completed static elaboration
Starting simulation data flow analysis
WARNING: [XSIM 43-4100] "C:/Users/SIVA DHANUSH REDDY/Downloads/SPI_Bootloader/Spi_Flashcontroller.sim/sim_1/behav/xsim/glbl.v" Line 6. Module glbl has a timescale but at least one module in design doesn't have timescale.
WARNING: [XSIM 43-4100] "C:/Users/SIVA DHANUSH REDDY/Downloads/SPI_Bootloader/Spi_Flashcontroller.sim/sim_1/behav/xsim/glbl.v" Line 6. Module glbl has a timescale but at least one module in design doesn't have timescale.
Completed simulation data flow analysis
Time Resolution for simulation is 1ps
Compiling module xil_defaultlib.tb
Compiling module xil_defaultlib.glbl
Built simulation snapshot tb_behav
INFO: [USF-XSim-69] 'elaborate' step finished in '4' seconds
INFO: [USF-XSim-4] XSim::Simulate design
INFO: [USF-XSim-61] Executing 'SIMULATE' step in 'C:/Users/SIVA DHANUSH REDDY/Downloads/SPI_Bootloader/Spi_Flashcontroller.sim/sim_1/behav/xsim'
INFO: [USF-XSim-98] *** Running xsim
   with args "tb_behav -key {Behavioral:sim_1:Functional:tb} -tclbatch {tb.tcl} -log {simulate.log}"
INFO: [USF-XSim-8] Loading simulator feature
Time resolution is 1 ps
source tb.tcl
# set curr_wave [current_wave_config]
# if { [string length $curr_wave] == 0 } {
#   if { [llength [get_objects]] > 0} {
#     add_wave /
#     set_property needs_save false [current_wave_config]
#   } else {
#      send_msg_id Add_Wave-1 WARNING "No top level signals found. Simulator will start without a wave window. If you want to open a wave window go to 'File->New Waveform Configuration' or type 'create_wave_config' in the TCL console."
#   }
# }
WARNING: [Simtcl 6-168] No object found for the given pattern.
WARNING: [Add_Wave-1] No top level signals found. Simulator will start without a wave window. If you want to open a wave window go to 'File->New Waveform Configuration' or type 'create_wave_config' in the TCL console.
# run 1000ns
answer = TRUE
INFO: [USF-XSim-96] XSim completed. Design snapshot 'tb_behav' loaded.
INFO: [USF-XSim-97] XSim simulation ran for 1000ns
launch_simulation: Time (s): cpu = 00:00:03 ; elapsed = 00:00:09 . Memory (MB): peak = 1391.969 ; gain = 0.000
close_sim
INFO: [Simtcl 6-16] Simulation closed
exit
INFO: [Common 17-206] Exiting Vivado at Wed Jan 14 00:10:05 2026...
