#-----------------------------------------------------------
# Vivado v2024.2 (64-bit)
# SW Build 5239630 on Fri Nov 08 22:35:27 MST 2024
# IP Build 5239520 on Sun Nov 10 16:12:51 MST 2024
# SharedData Build 5239561 on Fri Nov 08 14:39:27 MST 2024
# Start of session at: Mon Jan 12 08:42:00 2026
# Process ID         : 15092
# Current directory  : C:/Users/SIVA DHANUSH REDDY/Downloads/SPI_Bootloader
# Command line       : vivado.exe -gui_launcher_event rodinguilauncherevent20080 C:\Users\SIVA DHANUSH REDDY\Downloads\SPI_Bootloader\Spi_Flashcontroller.xpr
# Log file           : C:/Users/SIVA DHANUSH REDDY/Downloads/SPI_Bootloader/vivado.log
# Journal file       : C:/Users/SIVA DHANUSH REDDY/Downloads/SPI_Bootloader\vivado.jou
# Running On         : Dhanush
# Platform           : Windows Server 2016 or Windows 10
# Operating System   : 26200
# Processor Detail   : 12th Gen Intel(R) Core(TM) i7-12650H
# CPU Frequency      : 2688 MHz
# CPU Physical cores : 10
# CPU Logical cores  : 16
# Host memory        : 16831 MB
# Swap memory        : 27121 MB
# Total Virtual      : 43953 MB
# Available Virtual  : 24741 MB
#-----------------------------------------------------------
start_gui
open_project {C:/Users/SIVA DHANUSH REDDY/Downloads/SPI_Bootloader/Spi_Flashcontroller.xpr}
WARNING: [Board 49-26] cannot add Board Part xilinx.com:zcu208ld:part0:2.0 available at C:/Xilinx/Vivado/2024.2/data/xhub/boards/XilinxBoardStore/boards/Xilinx/zcu208ld/production/2.0/board.xml as part xczu58dr-fsvg1517-2-i specified in board_part file is either invalid or not available
WARNING: [Board 49-26] cannot add Board Part xilinx.com:zcu216ld:part0:2.0 available at C:/Xilinx/Vivado/2024.2/data/xhub/boards/XilinxBoardStore/boards/Xilinx/zcu216ld/production/2.0/board.xml as part xczu59dr-ffvf1760-2-i specified in board_part file is either invalid or not available
WARNING: [Board 49-26] cannot add Board Part xilinx.com:zcu670ld:part0:1.0 available at C:/Xilinx/Vivado/2024.2/data/xhub/boards/XilinxBoardStore/boards/Xilinx/zcu670ld/1.0/board.xml as part xczu57dr-fsve1156-2-i specified in board_part file is either invalid or not available
INFO: [Project 1-313] Project file moved from 'C:/Users/SIVA DHANUSH REDDY/Downloads/Spi_Flashcontroller' since last save.
INFO: [filemgmt 56-3] Default IP Output Path : Could not find the directory 'C:/Users/SIVA DHANUSH REDDY/Downloads/SPI_Bootloader/Spi_Flashcontroller.gen/sources_1'.
Scanning sources...
Finished scanning sources
INFO: [IP_Flow 19-234] Refreshing IP repositories
INFO: [IP_Flow 19-1704] No user IP repositories specified
INFO: [IP_Flow 19-2313] Loaded Vivado IP repository 'C:/Xilinx/Vivado/2024.2/data/ip'.
open_project: Time (s): cpu = 00:00:20 ; elapsed = 00:00:10 . Memory (MB): peak = 1338.836 ; gain = 220.707
