#-----------------------------------------------------------
# Vivado v2024.2 (64-bit)
# SW Build 5239630 on Fri Nov 08 22:35:27 MST 2024
# IP Build 5239520 on Sun Nov 10 16:12:51 MST 2024
# SharedData Build 5239561 on Fri Nov 08 14:39:27 MST 2024
# Start of session at: Sat Jan 17 17:53:48 2026
# Process ID         : 33680
# Current directory  : C:/Users/SIVA DHANUSH REDDY/Downloads/SPI_Bootloader
# Command line       : vivado.exe -gui_launcher_event rodinguilauncherevent33660 C:\Users\SIVA DHANUSH REDDY\Downloads\SPI_Bootloader\Spi_Flashcontroller.xpr
# Log file           : C:/Users/SIVA DHANUSH REDDY/Downloads/SPI_Bootloader/vivado.log
# Journal file       : C:/Users/SIVA DHANUSH REDDY/Downloads/SPI_Bootloader\vivado.jou
# Running On         : Dhanush
# Platform           : Windows Server 2016 or Windows 10
# Operating System   : 26200
# Processor Detail   : 12th Gen Intel(R) Core(TM) i7-12650H
# CPU Frequency      : 2688 MHz
# CPU Physical cores : 10
# CPU Logical cores  : 16
# Host memory        : 16831 MB
# Swap memory        : 28048 MB
# Total Virtual      : 44880 MB
# Available Virtual  : 4374 MB
#-----------------------------------------------------------
start_gui
open_project {C:/Users/SIVA DHANUSH REDDY/Downloads/SPI_Bootloader/Spi_Flashcontroller.xpr}
WARNING: [Board 49-26] cannot add Board Part xilinx.com:zcu208ld:part0:2.0 available at C:/Xilinx/Vivado/2024.2/data/xhub/boards/XilinxBoardStore/boards/Xilinx/zcu208ld/production/2.0/board.xml as part xczu58dr-fsvg1517-2-i specified in board_part file is either invalid or not available
WARNING: [Board 49-26] cannot add Board Part xilinx.com:zcu216ld:part0:2.0 available at C:/Xilinx/Vivado/2024.2/data/xhub/boards/XilinxBoardStore/boards/Xilinx/zcu216ld/production/2.0/board.xml as part xczu59dr-ffvf1760-2-i specified in board_part file is either invalid or not available
WARNING: [Board 49-26] cannot add Board Part xilinx.com:zcu670ld:part0:1.0 available at C:/Xilinx/Vivado/2024.2/data/xhub/boards/XilinxBoardStore/boards/Xilinx/zcu670ld/1.0/board.xml as part xczu57dr-fsve1156-2-i specified in board_part file is either invalid or not available
Scanning sources...
Finished scanning sources
INFO: [IP_Flow 19-234] Refreshing IP repositories
INFO: [IP_Flow 19-1704] No user IP repositories specified
INFO: [IP_Flow 19-2313] Loaded Vivado IP repository 'C:/Xilinx/Vivado/2024.2/data/ip'.
open_project: Time (s): cpu = 00:00:15 ; elapsed = 00:00:08 . Memory (MB): peak = 1337.723 ; gain = 207.797
WARNING: [filemgmt 56-199] Attempt to get parsing info during refresh. "On-the-fly" syntax checking information may be incorrect. [C:\Users\SIVA DHANUSH REDDY\Downloads\SPI_Bootloader\Spi_Flashcontroller.srcs\sources_1\new\top_module.v:]
WARNING: [filemgmt 56-199] Attempt to get parsing info during refresh. "On-the-fly" syntax checking information may be incorrect. [C:\Users\SIVA DHANUSH REDDY\Downloads\SPI_Bootloader\Spi_Flashcontroller.srcs\sim_1\new\flash_tb.v:]
WARNING: [filemgmt 56-199] Attempt to get parsing info during refresh. "On-the-fly" syntax checking information may be incorrect. [C:\Users\SIVA DHANUSH REDDY\Downloads\SPI_Bootloader\Spi_Flashcontroller.srcs\sources_1\new\Spi_flashcontroller.v:]
WARNING: [filemgmt 56-199] Attempt to get parsing info during refresh. "On-the-fly" syntax checking information may be incorrect. [C:\Users\SIVA DHANUSH REDDY\Downloads\SPI_Bootloader\Spi_Flashcontroller.srcs\sources_1\new\Spi_flashcontroller.v:]
WARNING: [filemgmt 56-199] Attempt to get parsing info during refresh. "On-the-fly" syntax checking information may be incorrect. [C:\Users\SIVA DHANUSH REDDY\Downloads\SPI_Bootloader\Spi_Flashcontroller.srcs\sources_1\new\Spi_flashcontroller.v:]
exit
INFO: [Common 17-206] Exiting Vivado at Sun Jan 18 05:14:53 2026...
