
*** Running vivado
    with args -log top_flash.vds -m64 -product Vivado -mode batch -messageDb vivado.pb -notrace -source top_flash.tcl



****** Vivado v2024.2 (64-bit)
  **** SW Build 5239630 on Fri Nov 08 22:35:27 MST 2024
  **** IP Build 5239520 on Sun Nov 10 16:12:51 MST 2024
  **** SharedData Build 5239561 on Fri Nov 08 14:39:27 MST 2024
  **** Start of session at: Fri Jan 16 18:22:13 2026
    ** Copyright 1986-2022 Xilinx, Inc. All Rights Reserved.
    ** Copyright 2022-2024 Advanced Micro Devices, Inc. All Rights Reserved.

source top_flash.tcl -notrace
Command: read_checkpoint -auto_incremental -incremental {C:/Users/SIVA DHANUSH REDDY/Downloads/SPI_Bootloader/Spi_Flashcontroller.srcs/utils_1/imports/synth_1/Spi_flashcontroller.dcp}
INFO: [Vivado 12-5825] Read reference checkpoint from C:/Users/SIVA DHANUSH REDDY/Downloads/SPI_Bootloader/Spi_Flashcontroller.srcs/utils_1/imports/synth_1/Spi_flashcontroller.dcp for incremental synthesis
INFO: [Vivado 12-7989] Please ensure there are no constraint changes
Command: synth_design -top top_flash -part xc7a100tcsg324-1
Starting synth_design
Attempting to get a license for feature 'Synthesis' and/or device 'xc7a100t'
INFO: [Common 17-349] Got license for feature 'Synthesis' and/or device 'xc7a100t'
INFO: [Device 21-403] Loading part xc7a100tcsg324-1
INFO: [Designutils 20-5440] No compile time benefit to using incremental synthesis; A full resynthesis will be run
INFO: [Designutils 20-4379] Flow is switching to default flow due to incremental criteria not met. If you would like to alter this behaviour and have the flow terminate instead, please set the following parameter config_implementation {autoIncr.Synth.RejectBehavior Terminate}
INFO: [Synth 8-7079] Multithreading enabled for synth_design using a maximum of 2 processes.
INFO: [Synth 8-7078] Launching helper process for spawning children vivado processes
INFO: [Synth 8-7075] Helper process launched with PID 20148
---------------------------------------------------------------------------------
Starting RTL Elaboration : Time (s): cpu = 00:00:04 ; elapsed = 00:00:05 . Memory (MB): peak = 1097.453 ; gain = 469.289
---------------------------------------------------------------------------------
INFO: [Synth 8-6157] synthesizing module 'top_flash' [C:/Users/SIVA DHANUSH REDDY/Downloads/SPI_Bootloader/Spi_Flashcontroller.srcs/sources_1/new/top_module.v:1]
INFO: [Synth 8-6157] synthesizing module 'Spi_flash_controller' [C:/Users/SIVA DHANUSH REDDY/Downloads/SPI_Bootloader/Spi_Flashcontroller.srcs/sources_1/new/Spi_flashcontroller.v:3]
INFO: [Synth 8-155] case statement is not full and has no default [C:/Users/SIVA DHANUSH REDDY/Downloads/SPI_Bootloader/Spi_Flashcontroller.srcs/sources_1/new/Spi_flashcontroller.v:48]
INFO: [Synth 8-6155] done synthesizing module 'Spi_flash_controller' (0#1) [C:/Users/SIVA DHANUSH REDDY/Downloads/SPI_Bootloader/Spi_Flashcontroller.srcs/sources_1/new/Spi_flashcontroller.v:3]
INFO: [Synth 8-6157] synthesizing module 'blk_mem_gen_0' [C:/Users/SIVA DHANUSH REDDY/Downloads/SPI_Bootloader/Spi_Flashcontroller.runs/synth_1/.Xil/Vivado-25504-Dhanush/realtime/blk_mem_gen_0_stub.v:6]
INFO: [Synth 8-6155] done synthesizing module 'blk_mem_gen_0' (0#1) [C:/Users/SIVA DHANUSH REDDY/Downloads/SPI_Bootloader/Spi_Flashcontroller.runs/synth_1/.Xil/Vivado-25504-Dhanush/realtime/blk_mem_gen_0_stub.v:6]
WARNING: [Synth 8-689] width (32) of port connection 'addra' does not match port width (4) of module 'blk_mem_gen_0' [C:/Users/SIVA DHANUSH REDDY/Downloads/SPI_Bootloader/Spi_Flashcontroller.srcs/sources_1/new/top_module.v:41]
INFO: [Synth 8-6157] synthesizing module 'pc_reader' [C:/Users/SIVA DHANUSH REDDY/Downloads/SPI_Bootloader/Spi_Flashcontroller.srcs/sources_1/new/pc_reader.v:1]
INFO: [Synth 8-6155] done synthesizing module 'pc_reader' (0#1) [C:/Users/SIVA DHANUSH REDDY/Downloads/SPI_Bootloader/Spi_Flashcontroller.srcs/sources_1/new/pc_reader.v:1]
INFO: [Synth 8-6157] synthesizing module 'led_driver' [C:/Users/SIVA DHANUSH REDDY/Downloads/SPI_Bootloader/Spi_Flashcontroller.srcs/sources_1/new/LED_DRIVER.v:3]
INFO: [Synth 8-226] default block is never used [C:/Users/SIVA DHANUSH REDDY/Downloads/SPI_Bootloader/Spi_Flashcontroller.srcs/sources_1/new/LED_DRIVER.v:44]
INFO: [Synth 8-226] default block is never used [C:/Users/SIVA DHANUSH REDDY/Downloads/SPI_Bootloader/Spi_Flashcontroller.srcs/sources_1/new/LED_DRIVER.v:67]
INFO: [Synth 8-226] default block is never used [C:/Users/SIVA DHANUSH REDDY/Downloads/SPI_Bootloader/Spi_Flashcontroller.srcs/sources_1/new/LED_DRIVER.v:90]
INFO: [Synth 8-226] default block is never used [C:/Users/SIVA DHANUSH REDDY/Downloads/SPI_Bootloader/Spi_Flashcontroller.srcs/sources_1/new/LED_DRIVER.v:113]
INFO: [Synth 8-226] default block is never used [C:/Users/SIVA DHANUSH REDDY/Downloads/SPI_Bootloader/Spi_Flashcontroller.srcs/sources_1/new/LED_DRIVER.v:136]
INFO: [Synth 8-226] default block is never used [C:/Users/SIVA DHANUSH REDDY/Downloads/SPI_Bootloader/Spi_Flashcontroller.srcs/sources_1/new/LED_DRIVER.v:159]
INFO: [Synth 8-226] default block is never used [C:/Users/SIVA DHANUSH REDDY/Downloads/SPI_Bootloader/Spi_Flashcontroller.srcs/sources_1/new/LED_DRIVER.v:182]
INFO: [Synth 8-226] default block is never used [C:/Users/SIVA DHANUSH REDDY/Downloads/SPI_Bootloader/Spi_Flashcontroller.srcs/sources_1/new/LED_DRIVER.v:205]
INFO: [Synth 8-6155] done synthesizing module 'led_driver' (0#1) [C:/Users/SIVA DHANUSH REDDY/Downloads/SPI_Bootloader/Spi_Flashcontroller.srcs/sources_1/new/LED_DRIVER.v:3]
INFO: [Synth 8-6155] done synthesizing module 'top_flash' (0#1) [C:/Users/SIVA DHANUSH REDDY/Downloads/SPI_Bootloader/Spi_Flashcontroller.srcs/sources_1/new/top_module.v:1]
WARNING: [Synth 8-7137] Register dummy_data_reg in module Spi_flash_controller has both Set and reset with same priority. This may cause simulation mismatches. Consider rewriting code  [C:/Users/SIVA DHANUSH REDDY/Downloads/SPI_Bootloader/Spi_Flashcontroller.srcs/sources_1/new/Spi_flashcontroller.v:88]
WARNING: [Synth 8-7137] Register dummy_pc_reg in module Spi_flash_controller has both Set and reset with same priority. This may cause simulation mismatches. Consider rewriting code  [C:/Users/SIVA DHANUSH REDDY/Downloads/SPI_Bootloader/Spi_Flashcontroller.srcs/sources_1/new/Spi_flashcontroller.v:89]
WARNING: [Synth 8-7137] Register instruction_reg in module Spi_flash_controller has both Set and reset with same priority. This may cause simulation mismatches. Consider rewriting code  [C:/Users/SIVA DHANUSH REDDY/Downloads/SPI_Bootloader/Spi_Flashcontroller.srcs/sources_1/new/Spi_flashcontroller.v:90]
---------------------------------------------------------------------------------
Finished RTL Elaboration : Time (s): cpu = 00:00:06 ; elapsed = 00:00:06 . Memory (MB): peak = 1211.188 ; gain = 583.023
---------------------------------------------------------------------------------
---------------------------------------------------------------------------------
Start Handling Custom Attributes
---------------------------------------------------------------------------------
---------------------------------------------------------------------------------
Finished Handling Custom Attributes : Time (s): cpu = 00:00:06 ; elapsed = 00:00:06 . Memory (MB): peak = 1211.188 ; gain = 583.023
---------------------------------------------------------------------------------
---------------------------------------------------------------------------------
Finished RTL Optimization Phase 1 : Time (s): cpu = 00:00:06 ; elapsed = 00:00:06 . Memory (MB): peak = 1211.188 ; gain = 583.023
---------------------------------------------------------------------------------
Netlist sorting complete. Time (s): cpu = 00:00:00 ; elapsed = 00:00:00.005 . Memory (MB): peak = 1211.188 ; gain = 0.000
INFO: [Project 1-570] Preparing netlist for logic optimization

Processing XDC Constraints
Initializing timing engine
Parsing XDC File [c:/Users/SIVA DHANUSH REDDY/Downloads/SPI_Bootloader/Spi_Flashcontroller.gen/sources_1/ip/blk_mem_gen_0/blk_mem_gen_0/blk_mem_gen_0_in_context.xdc] for cell 'instr_mem'
Finished Parsing XDC File [c:/Users/SIVA DHANUSH REDDY/Downloads/SPI_Bootloader/Spi_Flashcontroller.gen/sources_1/ip/blk_mem_gen_0/blk_mem_gen_0/blk_mem_gen_0_in_context.xdc] for cell 'instr_mem'
Parsing XDC File [C:/Users/SIVA DHANUSH REDDY/Downloads/SPI_Bootloader/Spi_Flashcontroller.srcs/constrs_1/new/Flahs_const.xdc]
Finished Parsing XDC File [C:/Users/SIVA DHANUSH REDDY/Downloads/SPI_Bootloader/Spi_Flashcontroller.srcs/constrs_1/new/Flahs_const.xdc]
INFO: [Project 1-236] Implementation specific constraints were found while reading constraint file [C:/Users/SIVA DHANUSH REDDY/Downloads/SPI_Bootloader/Spi_Flashcontroller.srcs/constrs_1/new/Flahs_const.xdc]. These constraints will be ignored for synthesis but will be used in implementation. Impacted constraints are listed in the file [.Xil/top_flash_propImpl.xdc].
Resolution: To avoid this warning, move constraints listed in [.Xil/top_flash_propImpl.xdc] to another XDC file and exclude this new file from synthesis with the used_in_synthesis property (File Properties dialog in GUI) and re-run elaboration/synthesis.
Completed Processing XDC Constraints

Netlist sorting complete. Time (s): cpu = 00:00:00 ; elapsed = 00:00:00 . Memory (MB): peak = 1279.418 ; gain = 0.000
INFO: [Project 1-111] Unisim Transformation Summary:
No Unisim elements were transformed.

Constraint Validation Runtime : Time (s): cpu = 00:00:00 ; elapsed = 00:00:00.003 . Memory (MB): peak = 1279.418 ; gain = 0.000
INFO: [Designutils 20-5440] No compile time benefit to using incremental synthesis; A full resynthesis will be run
INFO: [Designutils 20-4379] Flow is switching to default flow due to incremental criteria not met. If you would like to alter this behaviour and have the flow terminate instead, please set the following parameter config_implementation {autoIncr.Synth.RejectBehavior Terminate}
---------------------------------------------------------------------------------
Finished Constraint Validation : Time (s): cpu = 00:00:13 ; elapsed = 00:00:14 . Memory (MB): peak = 1279.418 ; gain = 651.254
---------------------------------------------------------------------------------
---------------------------------------------------------------------------------
Start Loading Part and Timing Information
---------------------------------------------------------------------------------
Loading part: xc7a100tcsg324-1
---------------------------------------------------------------------------------
Finished Loading Part and Timing Information : Time (s): cpu = 00:00:13 ; elapsed = 00:00:14 . Memory (MB): peak = 1279.418 ; gain = 651.254
---------------------------------------------------------------------------------
---------------------------------------------------------------------------------
Start Applying 'set_property' XDC Constraints
---------------------------------------------------------------------------------
Applied set_property KEEP_HIERARCHY = SOFT for instr_mem. (constraint file  auto generated constraint).
---------------------------------------------------------------------------------
Finished applying 'set_property' XDC Constraints : Time (s): cpu = 00:00:13 ; elapsed = 00:00:14 . Memory (MB): peak = 1279.418 ; gain = 651.254
---------------------------------------------------------------------------------
INFO: [Synth 8-802] inferred FSM for state register 'state_reg' in module 'Spi_flash_controller'
---------------------------------------------------------------------------------------------------
                   State |                     New Encoding |                Previous Encoding 
---------------------------------------------------------------------------------------------------
                    IDLE |                           000001 |                              000
                SEND_CMD |                           000010 |                              001
               SEND_ADDR |                           000100 |                              010
               WAIT_READ |                           001000 |                              011
               READ_DATA |                           010000 |                              100
                     END |                           100000 |                              101
---------------------------------------------------------------------------------------------------
INFO: [Synth 8-3354] encoded FSM with state register 'state_reg' using encoding 'one-hot' in module 'Spi_flash_controller'
---------------------------------------------------------------------------------
Finished RTL Optimization Phase 2 : Time (s): cpu = 00:00:13 ; elapsed = 00:00:15 . Memory (MB): peak = 1279.418 ; gain = 651.254
---------------------------------------------------------------------------------
---------------------------------------------------------------------------------
Start RTL Component Statistics 
---------------------------------------------------------------------------------
Detailed RTL Component Info : 
+---Adders : 
	   2 Input   32 Bit       Adders := 1     
	   2 Input   26 Bit       Adders := 1     
	   2 Input    6 Bit       Adders := 1     
	   2 Input    3 Bit       Adders := 1     
+---Registers : 
	               32 Bit    Registers := 4     
	               26 Bit    Registers := 1     
	                6 Bit    Registers := 1     
	                3 Bit    Registers := 1     
	                1 Bit    Registers := 13    
+---Muxes : 
	   6 Input   32 Bit        Muxes := 2     
	   6 Input    6 Bit        Muxes := 1     
	   2 Input    1 Bit        Muxes := 2     
	   6 Input    1 Bit        Muxes := 10    
	  16 Input    1 Bit        Muxes := 56    
---------------------------------------------------------------------------------
Finished RTL Component Statistics 
---------------------------------------------------------------------------------
---------------------------------------------------------------------------------
Start Part Resource Summary
---------------------------------------------------------------------------------
Part Resources:
DSPs: 240 (col length:80)
BRAMs: 270 (col length: RAMB18 80 RAMB36 40)
---------------------------------------------------------------------------------
Finished Part Resource Summary
---------------------------------------------------------------------------------
---------------------------------------------------------------------------------
Start Cross Boundary and Area Optimization
---------------------------------------------------------------------------------
WARNING: [Synth 8-7080] Parallel synthesis criteria is not met
---------------------------------------------------------------------------------
Finished Cross Boundary and Area Optimization : Time (s): cpu = 00:00:17 ; elapsed = 00:00:19 . Memory (MB): peak = 1279.418 ; gain = 651.254
---------------------------------------------------------------------------------
---------------------------------------------------------------------------------
Start Applying XDC Timing Constraints
---------------------------------------------------------------------------------
---------------------------------------------------------------------------------
Finished Applying XDC Timing Constraints : Time (s): cpu = 00:00:30 ; elapsed = 00:00:33 . Memory (MB): peak = 1403.496 ; gain = 775.332
---------------------------------------------------------------------------------
---------------------------------------------------------------------------------
Start Timing Optimization
---------------------------------------------------------------------------------
---------------------------------------------------------------------------------
Finished Timing Optimization : Time (s): cpu = 00:00:31 ; elapsed = 00:00:34 . Memory (MB): peak = 1434.762 ; gain = 806.598
---------------------------------------------------------------------------------
---------------------------------------------------------------------------------
Start Technology Mapping
---------------------------------------------------------------------------------
---------------------------------------------------------------------------------
Finished Technology Mapping : Time (s): cpu = 00:00:31 ; elapsed = 00:00:34 . Memory (MB): peak = 1434.762 ; gain = 806.598
---------------------------------------------------------------------------------
---------------------------------------------------------------------------------
Start IO Insertion
---------------------------------------------------------------------------------
---------------------------------------------------------------------------------
Start Flattening Before IO Insertion
---------------------------------------------------------------------------------
---------------------------------------------------------------------------------
Finished Flattening Before IO Insertion
---------------------------------------------------------------------------------
---------------------------------------------------------------------------------
Start Final Netlist Cleanup
---------------------------------------------------------------------------------
---------------------------------------------------------------------------------
Finished Final Netlist Cleanup
---------------------------------------------------------------------------------
---------------------------------------------------------------------------------
Finished IO Insertion : Time (s): cpu = 00:00:35 ; elapsed = 00:00:38 . Memory (MB): peak = 1629.195 ; gain = 1001.031
---------------------------------------------------------------------------------
---------------------------------------------------------------------------------
Start Renaming Generated Instances
---------------------------------------------------------------------------------
---------------------------------------------------------------------------------
Finished Renaming Generated Instances : Time (s): cpu = 00:00:35 ; elapsed = 00:00:38 . Memory (MB): peak = 1629.195 ; gain = 1001.031
---------------------------------------------------------------------------------
---------------------------------------------------------------------------------
Start Rebuilding User Hierarchy
---------------------------------------------------------------------------------
---------------------------------------------------------------------------------
Finished Rebuilding User Hierarchy : Time (s): cpu = 00:00:35 ; elapsed = 00:00:38 . Memory (MB): peak = 1629.195 ; gain = 1001.031
---------------------------------------------------------------------------------
---------------------------------------------------------------------------------
Start Renaming Generated Ports
---------------------------------------------------------------------------------
---------------------------------------------------------------------------------
Finished Renaming Generated Ports : Time (s): cpu = 00:00:35 ; elapsed = 00:00:38 . Memory (MB): peak = 1629.195 ; gain = 1001.031
---------------------------------------------------------------------------------
---------------------------------------------------------------------------------
Start Handling Custom Attributes
---------------------------------------------------------------------------------
---------------------------------------------------------------------------------
Finished Handling Custom Attributes : Time (s): cpu = 00:00:35 ; elapsed = 00:00:38 . Memory (MB): peak = 1629.195 ; gain = 1001.031
---------------------------------------------------------------------------------
---------------------------------------------------------------------------------
Start Renaming Generated Nets
---------------------------------------------------------------------------------
---------------------------------------------------------------------------------
Finished Renaming Generated Nets : Time (s): cpu = 00:00:35 ; elapsed = 00:00:38 . Memory (MB): peak = 1629.195 ; gain = 1001.031
---------------------------------------------------------------------------------
---------------------------------------------------------------------------------
Start Writing Synthesis Report
---------------------------------------------------------------------------------

Report BlackBoxes: 
+------+--------------+----------+
|      |BlackBox name |Instances |
+------+--------------+----------+
|1     |blk_mem_gen_0 |         1|
+------+--------------+----------+

Report Cell Usage: 
+------+------------+------+
|      |Cell        |Count |
+------+------------+------+
|1     |blk_mem_gen |     1|
|2     |BUFG        |     1|
|3     |CARRY4      |     6|
|4     |LUT1        |     2|
|5     |LUT2        |    42|
|6     |LUT3        |    15|
|7     |LUT4        |    35|
|8     |LUT5        |     3|
|9     |LUT6        |    58|
|10    |MUXF7       |     4|
|11    |FDCE        |    49|
|12    |FDPE        |     2|
|13    |FDRE        |    65|
|14    |IBUF        |     3|
|15    |OBUF        |    18|
+------+------------+------+
---------------------------------------------------------------------------------
Finished Writing Synthesis Report : Time (s): cpu = 00:00:35 ; elapsed = 00:00:38 . Memory (MB): peak = 1629.195 ; gain = 1001.031
---------------------------------------------------------------------------------
Synthesis finished with 0 errors, 0 critical warnings and 1 warnings.
Synthesis Optimization Runtime : Time (s): cpu = 00:00:27 ; elapsed = 00:00:36 . Memory (MB): peak = 1629.195 ; gain = 932.801
Synthesis Optimization Complete : Time (s): cpu = 00:00:35 ; elapsed = 00:00:38 . Memory (MB): peak = 1629.195 ; gain = 1001.031
INFO: [Project 1-571] Translating synthesized netlist
Netlist sorting complete. Time (s): cpu = 00:00:00 ; elapsed = 00:00:00.003 . Memory (MB): peak = 1629.195 ; gain = 0.000
INFO: [Netlist 29-17] Analyzing 10 Unisim elements for replacement
INFO: [Netlist 29-28] Unisim Transformation completed in 0 CPU seconds
INFO: [Project 1-570] Preparing netlist for logic optimization
INFO: [Opt 31-138] Pushed 0 inverter(s) to 0 load pin(s).
Netlist sorting complete. Time (s): cpu = 00:00:00 ; elapsed = 00:00:00 . Memory (MB): peak = 1629.195 ; gain = 0.000
INFO: [Project 1-111] Unisim Transformation Summary:
No Unisim elements were transformed.

Synth Design complete | Checksum: 305772c
INFO: [Common 17-83] Releasing license: Synthesis
42 Infos, 5 Warnings, 0 Critical Warnings and 0 Errors encountered.
synth_design completed successfully
INFO: [Common 17-600] The following parameters have non-default value.
tcl.statsThreshold
Write ShapeDB Complete: Time (s): cpu = 00:00:00 ; elapsed = 00:00:00.002 . Memory (MB): peak = 1629.195 ; gain = 0.000
INFO: [Common 17-1381] The checkpoint 'C:/Users/SIVA DHANUSH REDDY/Downloads/SPI_Bootloader/Spi_Flashcontroller.runs/synth_1/top_flash.dcp' has been generated.
INFO: [Vivado 12-24828] Executing command : report_utilization -file top_flash_utilization_synth.rpt -pb top_flash_utilization_synth.pb
INFO: [Common 17-206] Exiting Vivado at Fri Jan 16 18:23:04 2026...
